Processing attiny85 (platform: atmelavr; board: attiny85; framework: arduino; upload_protocol: usbtiny; board_fuses.lfuse: 0x52; board_fuses.hfuse: 0xDF; board_fuses.efuse: 0xFF)
--------------------------------------------------------------------------------
CONFIGURATION: https://docs.platformio.org/page/boards/atmelavr/attiny85.html
PLATFORM: Atmel AVR (3.4.0) > Generic ATtiny85
HARDWARE: ATTINY85 8MHz, 512B RAM, 8KB Flash
DEBUG: Current (simavr) On-board (simavr)
PACKAGES: 
 - framework-arduino-avr-attiny @ 1.5.2 
 - toolchain-atmelavr @ 1.70300.191015 (7.3.0)
LDF: Library Dependency Finder -> https://bit.ly/configure-pio-ldf
LDF Modes: Finder ~ chain, Compatibility ~ soft
Found 9 compatible libraries
Scanning dependencies...
No dependencies
Building in release mode
avr-g++ -o .pio\build\attiny85\src\main.cpp.o -c -fno-exceptions -fno-threadsafe-statics -fpermissive -std=gnu++11 -Os -Wall -ffunction-sections -fdata-sections -flto -mmcu=attiny85 -DPLATFORMIO=60113 -DARDUINO_AVR_ATTINYX5 -DNEOPIXELPORT=PORTB -DCLOCK_SOURCE=6 -DF_CPU=8000000L -DARDUINO_ARCH_AVR -DARDUINO=10808 -Iinclude -Isrc -IC:\Users\JHolt\.platformio\packages\framework-arduino-avr-attiny\cores\tiny -IC:\Users\JHolt\.platformio\packages\framework-arduino-avr-attiny\variants\tinyX5 src\main.cpp
avr-gcc-ar rc .pio\build\attiny85\libFrameworkArduinoVariant.a
avr-g++ -o .pio\build\attiny85\FrameworkArduino\HardwareSerial.cpp.o -c -fno-exceptions -fno-threadsafe-statics -fpermissive -std=gnu++11 -Os -Wall -ffunction-sections -fdata-sections -flto -mmcu=attiny85 -DPLATFORMIO=60113 -DARDUINO_AVR_ATTINYX5 -DNEOPIXELPORT=PORTB -DCLOCK_SOURCE=6 -DF_CPU=8000000L -DARDUINO_ARCH_AVR -DARDUINO=10808 -IC:\Users\JHolt\.platformio\packages\framework-arduino-avr-attiny\cores\tiny -IC:\Users\JHolt\.platformio\packages\framework-arduino-avr-attiny\variants\tinyX5 C:\Users\JHolt\.platformio\packages\framework-arduino-avr-attiny\cores\tiny\HardwareSerial.cpp
avr-g++ -o .pio\build\attiny85\FrameworkArduino\Print.cpp.o -c -fno-exceptions -fno-threadsafe-statics -fpermissive -std=gnu++11 -Os -Wall -ffunction-sections -fdata-sections -flto -mmcu=attiny85 -DPLATFORMIO=60113 -DARDUINO_AVR_ATTINYX5 -DNEOPIXELPORT=PORTB -DCLOCK_SOURCE=6 -DF_CPU=8000000L -DARDUINO_ARCH_AVR -DARDUINO=10808 -IC:\Users\JHolt\.platformio\packages\framework-arduino-avr-attiny\cores\tiny -IC:\Users\JHolt\.platformio\packages\framework-arduino-avr-attiny\variants\tinyX5 C:\Users\JHolt\.platformio\packages\framework-arduino-avr-attiny\cores\tiny\Print.cpp
avr-g++ -o .pio\build\attiny85\FrameworkArduino\Stream.cpp.o -c -fno-exceptions -fno-threadsafe-statics -fpermissive -std=gnu++11 -Os -Wall -ffunction-sections -fdata-sections -flto -mmcu=attiny85 -DPLATFORMIO=60113 -DARDUINO_AVR_ATTINYX5 -DNEOPIXELPORT=PORTB -DCLOCK_SOURCE=6 -DF_CPU=8000000L -DARDUINO_ARCH_AVR -DARDUINO=10808 -IC:\Users\JHolt\.platformio\packages\framework-arduino-avr-attiny\cores\tiny -IC:\Users\JHolt\.platformio\packages\framework-arduino-avr-attiny\variants\tinyX5 C:\Users\JHolt\.platformio\packages\framework-arduino-avr-attiny\cores\tiny\Stream.cpp
avr-g++ -o .pio\build\attiny85\FrameworkArduino\TinySoftwareSerial.cpp.o -c -fno-exceptions -fno-threadsafe-statics -fpermissive -std=gnu++11 -Os -Wall -ffunction-sections -fdata-sections -flto -mmcu=attiny85 -DPLATFORMIO=60113 -DARDUINO_AVR_ATTINYX5 -DNEOPIXELPORT=PORTB -DCLOCK_SOURCE=6 -DF_CPU=8000000L -DARDUINO_ARCH_AVR -DARDUINO=10808 -IC:\Users\JHolt\.platformio\packages\framework-arduino-avr-attiny\cores\tiny -IC:\Users\JHolt\.platformio\packages\framework-arduino-avr-attiny\variants\tinyX5 C:\Users\JHolt\.platformio\packages\framework-arduino-avr-attiny\cores\tiny\TinySoftwareSerial.cpp
avr-g++ -o .pio\build\attiny85\FrameworkArduino\Tone.cpp.o -c -fno-exceptions -fno-threadsafe-statics -fpermissive -std=gnu++11 -Os -Wall -ffunction-sections -fdata-sections -flto -mmcu=attiny85 -DPLATFORMIO=60113 -DARDUINO_AVR_ATTINYX5 -DNEOPIXELPORT=PORTB -DCLOCK_SOURCE=6 -DF_CPU=8000000L -DARDUINO_ARCH_AVR -DARDUINO=10808 -IC:\Users\JHolt\.platformio\packages\framework-arduino-avr-attiny\cores\tiny -IC:\Users\JHolt\.platformio\packages\framework-arduino-avr-attiny\variants\tinyX5 C:\Users\JHolt\.platformio\packages\framework-arduino-avr-attiny\cores\tiny\Tone.cpp
avr-gcc -o .pio\build\attiny85\FrameworkArduino\WInterrupts.c.o -c -std=gnu11 -fno-fat-lto-objects -Os -Wall -ffunction-sections -fdata-sections -flto -mmcu=attiny85 -DPLATFORMIO=60113 -DARDUINO_AVR_ATTINYX5 -DNEOPIXELPORT=PORTB -DCLOCK_SOURCE=6 -DF_CPU=8000000L -DARDUINO_ARCH_AVR -DARDUINO=10808 -IC:\Users\JHolt\.platformio\packages\framework-arduino-avr-attiny\cores\tiny -IC:\Users\JHolt\.platformio\packages\framework-arduino-avr-attiny\variants\tinyX5 C:\Users\JHolt\.platformio\packages\framework-arduino-avr-attiny\cores\tiny\WInterrupts.c
avr-g++ -o .pio\build\attiny85\FrameworkArduino\WMath.cpp.o -c -fno-exceptions -fno-threadsafe-statics -fpermissive -std=gnu++11 -Os -Wall -ffunction-sections -fdata-sections -flto -mmcu=attiny85 -DPLATFORMIO=60113 -DARDUINO_AVR_ATTINYX5 -DNEOPIXELPORT=PORTB -DCLOCK_SOURCE=6 -DF_CPU=8000000L -DARDUINO_ARCH_AVR -DARDUINO=10808 -IC:\Users\JHolt\.platformio\packages\framework-arduino-avr-attiny\cores\tiny -IC:\Users\JHolt\.platformio\packages\framework-arduino-avr-attiny\variants\tinyX5 C:\Users\JHolt\.platformio\packages\framework-arduino-avr-attiny\cores\tiny\WMath.cpp
avr-g++ -o .pio\build\attiny85\FrameworkArduino\WString.cpp.o -c -fno-exceptions -fno-threadsafe-statics -fpermissive -std=gnu++11 -Os -Wall -ffunction-sections -fdata-sections -flto -mmcu=attiny85 -DPLATFORMIO=60113 -DARDUINO_AVR_ATTINYX5 -DNEOPIXELPORT=PORTB -DCLOCK_SOURCE=6 -DF_CPU=8000000L -DARDUINO_ARCH_AVR -DARDUINO=10808 -IC:\Users\JHolt\.platformio\packages\framework-arduino-avr-attiny\cores\tiny -IC:\Users\JHolt\.platformio\packages\framework-arduino-avr-attiny\variants\tinyX5 C:\Users\JHolt\.platformio\packages\framework-arduino-avr-attiny\cores\tiny\WString.cpp
pio : src\main.cpp:12:0: warning: "F_CPU" redefined
At line:1 char:1
+ pio run -v > compile.log 2>&1
+ ~~~~~~~~~~~~~~~~~~~~~~~~~~~~~
    + CategoryInfo          : NotSpecified: (src\main.cpp:12..._CPU" redefined:String) [], RemoteException
    + FullyQualifiedErrorId : NativeCommandError
 
 #define F_CPU 1000000UL
 
<command-line>:0:0: note: this is the location of the previous definition
avr-g++ -o .pio\build\attiny85\FrameworkArduino\abi.cpp.o -c -fno-exceptions -fno-threadsafe-statics -fpermissive -std=gnu++11 -Os -Wall -ffunction-sections -fdata-sections -flto -mmcu=attiny85 -DPLATFORMIO=60113 -DARDUINO_AVR_ATTINYX5 -DNEOPIXELPORT=PORTB -DCLOCK_SOURCE=6 -DF_CPU=8000000L -DARDUINO_ARCH_AVR -DARDUINO=10808 -IC:\Users\JHolt\.platformio\packages\framework-arduino-avr-attiny\cores\tiny -IC:\Users\JHolt\.platformio\packages\framework-arduino-avr-attiny\variants\tinyX5 C:\Users\JHolt\.platformio\packages\framework-arduino-avr-attiny\cores\tiny\abi.cpp
avr-g++ -o .pio\build\attiny85\FrameworkArduino\main.cpp.o -c -fno-exceptions -fno-threadsafe-statics -fpermissive -std=gnu++11 -Os -Wall -ffunction-sections -fdata-sections -flto -mmcu=attiny85 -DPLATFORMIO=60113 -DARDUINO_AVR_ATTINYX5 -DNEOPIXELPORT=PORTB -DCLOCK_SOURCE=6 -DF_CPU=8000000L -DARDUINO_ARCH_AVR -DARDUINO=10808 -IC:\Users\JHolt\.platformio\packages\framework-arduino-avr-attiny\cores\tiny -IC:\Users\JHolt\.platformio\packages\framework-arduino-avr-attiny\variants\tinyX5 C:\Users\JHolt\.platformio\packages\framework-arduino-avr-attiny\cores\tiny\main.cpp
avr-g++ -o .pio\build\attiny85\FrameworkArduino\new.cpp.o -c -fno-exceptions -fno-threadsafe-statics -fpermissive -std=gnu++11 -Os -Wall -ffunction-sections -fdata-sections -flto -mmcu=attiny85 -DPLATFORMIO=60113 -DARDUINO_AVR_ATTINYX5 -DNEOPIXELPORT=PORTB -DCLOCK_SOURCE=6 -DF_CPU=8000000L -DARDUINO_ARCH_AVR -DARDUINO=10808 -IC:\Users\JHolt\.platformio\packages\framework-arduino-avr-attiny\cores\tiny -IC:\Users\JHolt\.platformio\packages\framework-arduino-avr-attiny\variants\tinyX5 C:\Users\JHolt\.platformio\packages\framework-arduino-avr-attiny\cores\tiny\new.cpp
avr-gcc -o .pio\build\attiny85\FrameworkArduino\wiring.c.o -c -std=gnu11 -fno-fat-lto-objects -Os -Wall -ffunction-sections -fdata-sections -flto -mmcu=attiny85 -DPLATFORMIO=60113 -DARDUINO_AVR_ATTINYX5 -DNEOPIXELPORT=PORTB -DCLOCK_SOURCE=6 -DF_CPU=8000000L -DARDUINO_ARCH_AVR -DARDUINO=10808 -IC:\Users\JHolt\.platformio\packages\framework-arduino-avr-attiny\cores\tiny -IC:\Users\JHolt\.platformio\packages\framework-arduino-avr-attiny\variants\tinyX5 C:\Users\JHolt\.platformio\packages\framework-arduino-avr-attiny\cores\tiny\wiring.c
avr-gcc -o .pio\build\attiny85\FrameworkArduino\wiring_analog.c.o -c -std=gnu11 -fno-fat-lto-objects -Os -Wall -ffunction-sections -fdata-sections -flto -mmcu=attiny85 -DPLATFORMIO=60113 -DARDUINO_AVR_ATTINYX5 -DNEOPIXELPORT=PORTB -DCLOCK_SOURCE=6 -DF_CPU=8000000L -DARDUINO_ARCH_AVR -DARDUINO=10808 -IC:\Users\JHolt\.platformio\packages\framework-arduino-avr-attiny\cores\tiny -IC:\Users\JHolt\.platformio\packages\framework-arduino-avr-attiny\variants\tinyX5 C:\Users\JHolt\.platformio\packages\framework-arduino-avr-attiny\cores\tiny\wiring_analog.c
avr-gcc -o .pio\build\attiny85\FrameworkArduino\wiring_digital.c.o -c -std=gnu11 -fno-fat-lto-objects -Os -Wall -ffunction-sections -fdata-sections -flto -mmcu=attiny85 -DPLATFORMIO=60113 -DARDUINO_AVR_ATTINYX5 -DNEOPIXELPORT=PORTB -DCLOCK_SOURCE=6 -DF_CPU=8000000L -DARDUINO_ARCH_AVR -DARDUINO=10808 -IC:\Users\JHolt\.platformio\packages\framework-arduino-avr-attiny\cores\tiny -IC:\Users\JHolt\.platformio\packages\framework-arduino-avr-attiny\variants\tinyX5 C:\Users\JHolt\.platformio\packages\framework-arduino-avr-attiny\cores\tiny\wiring_digital.c
avr-gcc -x assembler-with-cpp -Os -Wall -ffunction-sections -fdata-sections -flto -mmcu=attiny85 -DPLATFORMIO=60113 -DARDUINO_AVR_ATTINYX5 -DNEOPIXELPORT=PORTB -DCLOCK_SOURCE=6 -DF_CPU=8000000L -DARDUINO_ARCH_AVR -DARDUINO=10808 -IC:\Users\JHolt\.platformio\packages\framework-arduino-avr-attiny\cores\tiny -IC:\Users\JHolt\.platformio\packages\framework-arduino-avr-attiny\variants\tinyX5 -c -o .pio\build\attiny85\FrameworkArduino\wiring_pulse.S.o C:\Users\JHolt\.platformio\packages\framework-arduino-avr-attiny\cores\tiny\wiring_pulse.S
avr-gcc -o .pio\build\attiny85\FrameworkArduino\wiring_pulse.c.o -c -std=gnu11 -fno-fat-lto-objects -Os -Wall -ffunction-sections -fdata-sections -flto -mmcu=attiny85 -DPLATFORMIO=60113 -DARDUINO_AVR_ATTINYX5 -DNEOPIXELPORT=PORTB -DCLOCK_SOURCE=6 -DF_CPU=8000000L -DARDUINO_ARCH_AVR -DARDUINO=10808 -IC:\Users\JHolt\.platformio\packages\framework-arduino-avr-attiny\cores\tiny -IC:\Users\JHolt\.platformio\packages\framework-arduino-avr-attiny\variants\tinyX5 C:\Users\JHolt\.platformio\packages\framework-arduino-avr-attiny\cores\tiny\wiring_pulse.c
avr-gcc -o .pio\build\attiny85\FrameworkArduino\wiring_shift.c.o -c -std=gnu11 -fno-fat-lto-objects -Os -Wall -ffunction-sections -fdata-sections -flto -mmcu=attiny85 -DPLATFORMIO=60113 -DARDUINO_AVR_ATTINYX5 -DNEOPIXELPORT=PORTB -DCLOCK_SOURCE=6 -DF_CPU=8000000L -DARDUINO_ARCH_AVR -DARDUINO=10808 -IC:\Users\JHolt\.platformio\packages\framework-arduino-avr-attiny\cores\tiny -IC:\Users\JHolt\.platformio\packages\framework-arduino-avr-attiny\variants\tinyX5 C:\Users\JHolt\.platformio\packages\framework-arduino-avr-attiny\cores\tiny\wiring_shift.c
avr-gcc-ar rc .pio\build\attiny85\libFrameworkArduino.a .pio\build\attiny85\FrameworkArduino\HardwareSerial.cpp.o .pio\build\attiny85\FrameworkArduino\Print.cpp.o .pio\build\attiny85\FrameworkArduino\Stream.cpp.o .pio\build\attiny85\FrameworkArduino\TinySoftwareSerial.cpp.o .pio\build\attiny85\FrameworkArduino\Tone.cpp.o .pio\build\attiny85\FrameworkArduino\WInterrupts.c.o .pio\build\attiny85\FrameworkArduino\WMath.cpp.o .pio\build\attiny85\FrameworkArduino\WString.cpp.o .pio\build\attiny85\FrameworkArduino\abi.cpp.o .pio\build\attiny85\FrameworkArduino\main.cpp.o .pio\build\attiny85\FrameworkArduino\new.cpp.o .pio\build\attiny85\FrameworkArduino\wiring.c.o .pio\build\attiny85\FrameworkArduino\wiring_analog.c.o .pio\build\attiny85\FrameworkArduino\wiring_digital.c.o .pio\build\attiny85\FrameworkArduino\wiring_pulse.S.o .pio\build\attiny85\FrameworkArduino\wiring_pulse.c.o .pio\build\attiny85\FrameworkArduino\wiring_shift.c.o
avr-g++ -o .pio\build\attiny85\firmware.elf -Os -mmcu=attiny85 -Wl,--gc-sections -flto -fuse-linker-plugin .pio\build\attiny85\src\main.cpp.o -L.pio\build\attiny85 -Wl,--start-group .pio\build\attiny85\libFrameworkArduinoVariant.a .pio\build\attiny85\libFrameworkArduino.a -lm -Wl,--end-group
C:\Users\JHolt\AppData\Local\Temp\ccp4OytX.ltrans0.ltrans.o: In function `main':
<artificial>:(.text.startup+0x26): undefined reference to `setup'
<artificial>:(.text.startup+0x28): undefined reference to `loop'
collect2.exe: error: ld returned 1 exit status
*** [.pio\build\attiny85\firmware.elf] Error 1
========================== [FAILED] Took 1.70 seconds ==========================
